// Jest Snapshot v1, https://goo.gl/fbAQLP

exports[`<RankMyself> renders without crashing 1`] = `
<div
  className="rank_myslef"
>
  <div
    className="card"
  />
  <button
    onClick={[Function]}
    type="button"
  >
    Submit
  </button>
</div>
`;
