// Jest Snapshot v1, https://goo.gl/fbAQLP

exports[`<Routes> should render corretly 1`] = `ShallowWrapper {}`;
